// Jest Snapshot v1, https://goo.gl/fbAQLP

exports[`Sql builder get works 1`] = `"select \\"t\\".\\"height\\" as \\"height\\", \\"t\\".\\"tx_type\\" as \\"tx_type\\", \\"t\\".\\"id\\" as \\"id\\", \\"t\\".\\"time_stamp\\" as \\"time_stamp\\", \\"t\\".\\"signature\\" as \\"signature\\", \\"t\\".\\"proofs\\" as \\"proofs\\", \\"t\\".\\"tx_version\\" as \\"tx_version\\", t.fee * 10^(-8) as \\"fee\\", \\"t\\".\\"sender\\" as \\"sender\\", \\"t\\".\\"sender_public_key\\" as \\"sender_public_key\\", \\"t\\".\\"asset_id\\" as \\"asset_id\\", t.quantity * 10^(-asset_decimals.decimals) as \\"quantity\\", \\"t\\".\\"reissuable\\" as \\"reissuable\\" from \\"txs_5\\" as \\"t\\" inner join \\"asset_decimals\\" on \\"asset_decimals\\".\\"asset_id\\" = \\"t\\".\\"asset_id\\" where \\"id\\" = 'id'"`;

exports[`Sql builder mget works 1`] = `"select \\"t\\".\\"height\\" as \\"height\\", \\"t\\".\\"tx_type\\" as \\"tx_type\\", \\"t\\".\\"id\\" as \\"id\\", \\"t\\".\\"time_stamp\\" as \\"time_stamp\\", \\"t\\".\\"signature\\" as \\"signature\\", \\"t\\".\\"proofs\\" as \\"proofs\\", \\"t\\".\\"tx_version\\" as \\"tx_version\\", t.fee * 10^(-8) as \\"fee\\", \\"t\\".\\"sender\\" as \\"sender\\", \\"t\\".\\"sender_public_key\\" as \\"sender_public_key\\", \\"t\\".\\"asset_id\\" as \\"asset_id\\", t.quantity * 10^(-asset_decimals.decimals) as \\"quantity\\", \\"t\\".\\"reissuable\\" as \\"reissuable\\" from \\"txs_5\\" as \\"t\\" inner join \\"asset_decimals\\" on \\"asset_decimals\\".\\"asset_id\\" = \\"t\\".\\"asset_id\\" where \\"id\\" in ('id1', 'id2')"`;
