// Jest Snapshot v1, https://goo.gl/fbAQLP

exports[`Sql search by type-specific filters supports recipient filter 1`] = `"select \\"height\\", \\"tx_type\\", \\"id\\", \\"time_stamp\\", \\"signature\\", \\"proofs\\", \\"tx_version\\", \\"sender\\", \\"sender_public_key\\", \\"asset_id\\", \\"script\\", fee * 10^(-8) as \\"fee\\" from \\"txs_15\\" as \\"t\\" where \\"script\\" = 'base64:somescript'"`;
