// Jest Snapshot v1, https://goo.gl/fbAQLP

exports[`Sql search supports type-specific filters 1`] = `"select \\"uid\\" as \\"uid\\", \\"txs\\".\\"id\\" as \\"id\\", (fee * 10^(-8)) :: DOUBLE PRECISION as \\"fee\\", array_agg(tfs.recipient order by tfs.position_in_tx) as \\"recipients\\", array_agg (tfs.amount * 10^(-ad.decimals) :: double precision order by tfs.position_in_tx) as \\"amounts\\", \\"height\\" as \\"height\\", \\"tx_type\\" as \\"tx_type\\", \\"time_stamp\\" as \\"time_stamp\\", \\"signature\\" as \\"signature\\", \\"proofs\\" as \\"proofs\\", \\"tx_version\\" as \\"tx_version\\", \\"sender\\" as \\"sender\\", \\"sender_public_key\\" as \\"sender_public_key\\", \\"txs\\".\\"asset_id\\" as \\"asset_id\\", \\"attachment\\" as \\"attachment\\" from (select * from \\"txs_11\\" where \\"asset_id\\" = 'assetId' and \\"txs_11\\".\\"id\\" in (select \\"tx_id\\" from \\"txs_11_transfers\\" where \\"recipient\\" = 'recipient')) as \\"txs\\" inner join \\"txs_11_transfers\\" as \\"tfs\\" on \\"tfs\\".\\"tx_id\\" = \\"txs\\".\\"id\\" inner join \\"asset_decimals\\" as \\"ad\\" on \\"ad\\".\\"asset_id\\" = \\"txs\\".\\"asset_id\\" group by \\"txs\\".\\"id\\", \\"fee\\", \\"height\\", \\"tx_type\\", \\"time_stamp\\", \\"signature\\", \\"proofs\\", \\"tx_version\\", \\"sender\\", \\"sender_public_key\\", \\"txs\\".\\"asset_id\\", \\"attachment\\", \\"uid\\" order by \\"uid\\" asc"`;
