// Jest Snapshot v1, https://goo.gl/fbAQLP

exports[`Mass transfer transaction service get fetches real tx 1`] = `
Object {
  "__type": "transaction",
  "data": Object {
    "assetId": "34ecwKB4JaZGKqYr9A986PFAEQ8zUhYoN4BZzM2tjaa8",
    "attachment": "",
    "fee": "0.0015",
    "height": 1032978,
    "id": "11ADYBQgLqK8GBpd8XRWVvHm3ZRFttq4T3NF3AjBijs",
    "proofs": Array [
      "5WxAcj6bybBfB8DixEgZUdJeVHY3y6m5Esj7wyZsGHK5ouz7sByPrQccAjPrivepvwDVNZuLF5sdk5E59FhoPTET",
    ],
    "sender": "3PJcFj7wVZkPMpzCRADRLW83m2Bw72MiLGv",
    "senderPublicKey": "8kUYR2VMpZr95wxckvPbq4tXc3XA9Bmid8x6UTFSEisF",
    "timestamp": 2018-06-08T05:35:51.280Z,
    "transfers": Array [
      Object {
        "amount": "1000",
        "recipient": "3P72LKkW8YZdzrairWfkk2r5JmnfVxApEGS",
      },
    ],
    "type": 11,
    "version": 1,
  },
}
`;

exports[`Mass transfer transaction service mget fetches real txs with nulls for unreal 1`] = `
Object {
  "__type": "list",
  "data": Array [
    Object {
      "__type": "transaction",
      "data": Object {
        "assetId": "34ecwKB4JaZGKqYr9A986PFAEQ8zUhYoN4BZzM2tjaa8",
        "attachment": "",
        "fee": "0.0015",
        "height": 1032978,
        "id": "11ADYBQgLqK8GBpd8XRWVvHm3ZRFttq4T3NF3AjBijs",
        "proofs": Array [
          "5WxAcj6bybBfB8DixEgZUdJeVHY3y6m5Esj7wyZsGHK5ouz7sByPrQccAjPrivepvwDVNZuLF5sdk5E59FhoPTET",
        ],
        "sender": "3PJcFj7wVZkPMpzCRADRLW83m2Bw72MiLGv",
        "senderPublicKey": "8kUYR2VMpZr95wxckvPbq4tXc3XA9Bmid8x6UTFSEisF",
        "timestamp": 2018-06-08T05:35:51.280Z,
        "transfers": Array [
          Object {
            "amount": "1000",
            "recipient": "3P72LKkW8YZdzrairWfkk2r5JmnfVxApEGS",
          },
        ],
        "type": 11,
        "version": 1,
      },
    },
    null,
    Object {
      "__type": "transaction",
      "data": Object {
        "assetId": "G9hT3ntXUenjCr2UwXRVa1PP6kWZtfotBLGYhfw8J7GG",
        "attachment": "",
        "fee": "0.051",
        "height": 940311,
        "id": "BDvR1eppSmJgxs2tof5Dfcw9Q6KPBmZYwyYriFNCoy5p",
        "proofs": Array [
          "2jmeTFfH3Rr3mD4fm1zsvWzu9QKrHXPZpVizdSbG1hrpaRKqs1dY4M4hcu7agVfJJCtsoMcw4k9NzpKyLX2S3fS1",
        ],
        "sender": "3PB4G5q152W27QmQLq1MfFU7Mt1TbzFyJ5X",
        "senderPublicKey": "AoRK8VRFzh5cMwyMy2DuPqChL5Y7C5g2guTgNK5fjX4Y",
        "timestamp": 2018-03-31T05:06:16.462Z,
        "transfers": Array [
          Object {
            "amount": "0.00001",
            "recipient": "3P2GT3dVCefShHZwDdciVeoZKhuZPfpe8m1",
          },
          Object {
            "amount": "0.00001",
            "recipient": "3PNpVXtoKq3uwvrQ4ghZKjcEYJEJ1zassvF",
          },
          Object {
            "amount": "0.00001",
            "recipient": "3P2VsC1BtcD9DrsPMfocNppqzLj1ZtQPR3A",
          },
          Object {
            "amount": "0.00001",
            "recipient": "3PKE68hcRWdmQMAP7uKdLnCjFPRJFxgv7tF",
          },
          Object {
            "amount": "0.00001",
            "recipient": "3P8Vcep11TW3CXsvbBav9nkU5kycVauQdsU",
          },
          Object {
            "amount": "0.00001",
            "recipient": "3PPLkrsPZc86nNA19f1rNzsGWamxwt4joxh",
          },
          Object {
            "amount": "0.00001",
            "recipient": "3PLmNyPWLx8eBBKTwkNhhHy3ghmoDJC5zg6",
          },
          Object {
            "amount": "0.00001",
            "recipient": "3PCaz3ZebfgcByiasaDxGHBpBzUjtTSgTyX",
          },
          Object {
            "amount": "0.00001",
            "recipient": "3P3UmVtwGosA1Dw7TT4ZqyMQetcX6gPofy2",
          },
          Object {
            "amount": "0.00001",
            "recipient": "3PQQE2p4CeEkLB4nbDZnBX2VJVMwzXBuhvH",
          },
          Object {
            "amount": "0.00001",
            "recipient": "3PDxZXFZD4SGwt7e6FU3ZtT4QLDGkXfSdr8",
          },
          Object {
            "amount": "0.00001",
            "recipient": "3P55ZmPCZhy27rCQXzXSntXnLu8vE8pLdiB",
          },
          Object {
            "amount": "0.00001",
            "recipient": "3PBXkoVLjfw1vdfv6dd4KvHW87caXvZmXAx",
          },
          Object {
            "amount": "0.00001",
            "recipient": "3PQKZwg5tkigKfjhhZfcPZJ7fw1DExQQghr",
          },
          Object {
            "amount": "0.00001",
            "recipient": "3PMsxY1Gsbx2MmgYTPdN2pVN5kxWFfCZ9Gm",
          },
          Object {
            "amount": "0.00001",
            "recipient": "3P2FNnPKiyxzEawXf5T19yA2nszjeeHSG9F",
          },
          Object {
            "amount": "0.00001",
            "recipient": "3P7mdXUdoapk8BxbuafdRXUfECpCeywXptG",
          },
          Object {
            "amount": "0.00001",
            "recipient": "3P9bEVMrrvcmWLe2crwwXZv8fPZNetPtraB",
          },
          Object {
            "amount": "0.00001",
            "recipient": "3P6bmLCJeqDwiFQaGxhKNapSsLXmx7TZa8L",
          },
          Object {
            "amount": "0.00001",
            "recipient": "3P4xrSFfRekd7snJcdmdLsxb8x1FWDU3om6",
          },
          Object {
            "amount": "0.00001",
            "recipient": "3PFuNCrgpiNRx7gshiUVg5477RsiDgzDUhB",
          },
          Object {
            "amount": "0.00001",
            "recipient": "3P6rt4ckWnEWVnAnfhUchcqv4nzRjDW4Mwn",
          },
          Object {
            "amount": "0.00001",
            "recipient": "3PFYo2zhw7VKFoqdHcVNeKvX3ZWUpnPvqEz",
          },
          Object {
            "amount": "0.00001",
            "recipient": "3PC2Wsdra1S8jEGMwG1ktSub3L9rHgTJ5Rq",
          },
          Object {
            "amount": "0.00001",
            "recipient": "3PJSfM3dC8H2yeiYgKKYQLbah84PZbxkN6N",
          },
          Object {
            "amount": "0.00001",
            "recipient": "3PApMKsALhruACsWFHHrcRGLcyvPYLcN3E4",
          },
          Object {
            "amount": "0.00001",
            "recipient": "3PRDP5BewTL5VHWKhPFarJe6gug4vzeF2CU",
          },
          Object {
            "amount": "0.00001",
            "recipient": "3PP7TaBUPnuKix3M5zzRRkKoNSAnmUWrCxa",
          },
          Object {
            "amount": "0.00001",
            "recipient": "3PCUKwtkoQdz9fsUCenHQmNywzb1U5XXDk4",
          },
          Object {
            "amount": "0.00001",
            "recipient": "3PAKwLRu3jWpBYmLHnmgZezDXJn4UwdU7dn",
          },
          Object {
            "amount": "0.00001",
            "recipient": "3PEibC6jeZHhS8BFiFeAgJZ1dau8M8aftaV",
          },
          Object {
            "amount": "0.00001",
            "recipient": "3PGfK1nnHp7ARYCoJ8oYpdm9x1gUAMJaTdU",
          },
          Object {
            "amount": "0.00001",
            "recipient": "3P8cH2ULVQxXUQ7RFJNGYqEwdKGD6WfTkut",
          },
          Object {
            "amount": "0.00001",
            "recipient": "3PKbympyz4BWJZqggmEhvbMgpUGiAgfpSNw",
          },
          Object {
            "amount": "0.00001",
            "recipient": "3P2uYq6n1WguvyXpNc5p8PJ2A7F4tTiKzir",
          },
          Object {
            "amount": "0.00001",
            "recipient": "3P9Y9TrXpsYBGxG3z7n1zAhvdof3dNpu37M",
          },
          Object {
            "amount": "0.00001",
            "recipient": "3PMyXAhtbx3kLT5g6kyyv776YE3yC3Khjgm",
          },
          Object {
            "amount": "0.00001",
            "recipient": "3PBKb4ETEX3MKGz39eNUdoL5nEK2RBiEURT",
          },
          Object {
            "amount": "0.00001",
            "recipient": "3PLayGTE4qVG1PkVWYz6acBxqXjaJnuBcot",
          },
          Object {
            "amount": "0.00001",
            "recipient": "3PHtb8RfHY1WCGk7TiU2S91NppdWeAEKwHS",
          },
          Object {
            "amount": "0.00001",
            "recipient": "3P4i2ipBtifbXQ5Uofhc2fHM4Az25LDV8Zi",
          },
          Object {
            "amount": "0.00001",
            "recipient": "3PFAiV2iUmCudDTeHtaot7vrsdSZG8k2CmG",
          },
          Object {
            "amount": "0.00001",
            "recipient": "3PLBa629Gj1SgBrtGqzKruaZaPGuTvweXwc",
          },
          Object {
            "amount": "0.00001",
            "recipient": "3PDTxCeThBZ8z66tLs8pXxRtPNZoUYpnrSA",
          },
          Object {
            "amount": "0.00001",
            "recipient": "3P3teJvVMagZC7YeQbtEf21kJPRrtxuBsbK",
          },
          Object {
            "amount": "0.00001",
            "recipient": "3PFV7JX61U8bYYu8qE4RgT7VdvvYjrttCh6",
          },
          Object {
            "amount": "0.00001",
            "recipient": "3PCpFQwjhJtS6oip1ZNfs9tMGUeb7RETGKb",
          },
          Object {
            "amount": "0.00001",
            "recipient": "3PFt6Pd7qhjNsc6MwSNY6fHYgYHSQnDAtNW",
          },
          Object {
            "amount": "0.00001",
            "recipient": "3PLBhn3iJwmCLMHfmueaRSJUhY2yXvfmZEw",
          },
          Object {
            "amount": "0.00001",
            "recipient": "3PAJjrbG5gHVKeW38U7biUZMPfmdj2J7tWb",
          },
          Object {
            "amount": "0.00001",
            "recipient": "3PCjcygmb394wFMaQydun6gvNCmMhiH5gsi",
          },
          Object {
            "amount": "0.00001",
            "recipient": "3P8sqUuNEGdHMNpjaMsTJniVke2d217fDx2",
          },
          Object {
            "amount": "0.00001",
            "recipient": "3PMqzPmPv42PmqsgCgVkUUjWqMpdHxmCmEM",
          },
          Object {
            "amount": "0.00001",
            "recipient": "3P28n8DdCjFgGernhLptM9rxvQgyEU7xMPR",
          },
          Object {
            "amount": "0.00001",
            "recipient": "3PD3tA89cx24BpENEmkHBZbbq7eKrimw8n5",
          },
          Object {
            "amount": "0.00001",
            "recipient": "3PMpsekKQwy2DqthhujjrAspV6GsH9jVZrG",
          },
          Object {
            "amount": "0.00001",
            "recipient": "3PLZZynsxaEJKGHBeU5PuqfXzeGUQ13MkNe",
          },
          Object {
            "amount": "0.00001",
            "recipient": "3PLYsRf2DrpwYUXtGKM4zCEMo6RUM9pyDv2",
          },
          Object {
            "amount": "0.00001",
            "recipient": "3P9oe4EFakiNT1n5bNSoF6FxwCyCTCgLL3S",
          },
          Object {
            "amount": "0.00001",
            "recipient": "3PKojMznFBSgdG1GaL4PreYWcxktnbNkwfR",
          },
          Object {
            "amount": "0.00001",
            "recipient": "3PHaomhhQ3huNQZjmVAVnU6TxjwWJ1HcghF",
          },
          Object {
            "amount": "0.00001",
            "recipient": "3PLSGZJtMMKEDuQJdcHfgcE8mybMBZ1CMLV",
          },
          Object {
            "amount": "0.00001",
            "recipient": "3PESHgqCN2FBj8ewvFgN8V2Dg6ouHiT5d2f",
          },
          Object {
            "amount": "0.00001",
            "recipient": "3P8KmRb3zg1RA2UUogM4btEzRVZJ6RUjWpp",
          },
          Object {
            "amount": "0.00001",
            "recipient": "3PQPAVHFqaEqnHhKFsQYwVAH4MCTHNoh6AT",
          },
          Object {
            "amount": "0.00001",
            "recipient": "3PLVKEb1nLKCx4cAXkj6QHtoxhr7rg1odYW",
          },
          Object {
            "amount": "0.00001",
            "recipient": "3PGmEk26nPaBVnDm41nfuJDV2zW5tBVz4gQ",
          },
          Object {
            "amount": "0.00001",
            "recipient": "3PG7h5t7xQnJVkSkpCJ9nubiPdmzAQkCqrH",
          },
          Object {
            "amount": "0.00001",
            "recipient": "3PGjK2uDVZf87aPiwAuDM6aBL2ytse1egg2",
          },
          Object {
            "amount": "0.00001",
            "recipient": "3PPZrhrDpiFDvHkyoNADrd5cSnSLNno1Afw",
          },
          Object {
            "amount": "0.00001",
            "recipient": "3P37V6rzQZD7mYQMXK2xdS8Kup2BCyLj3Gv",
          },
          Object {
            "amount": "0.00001",
            "recipient": "3P4ZKjjte51FPQKwHtmELVUeKuC4gwMmYAn",
          },
          Object {
            "amount": "0.00001",
            "recipient": "3PE5Kf6ZRcqm29vAF87LtRVVCNtNaHCcrxw",
          },
          Object {
            "amount": "0.00001",
            "recipient": "3P5RNsrnv1dJjBrMLjDie5enbu2Nt6eHv2e",
          },
          Object {
            "amount": "0.00001",
            "recipient": "3PCWcjzWe5CaGTpcY53XyfCxP5UteKsvgmu",
          },
          Object {
            "amount": "0.00001",
            "recipient": "3P2CfEe7PV9KnrjbUvgaHhBTFAHPNsczohN",
          },
          Object {
            "amount": "0.00001",
            "recipient": "3PG5zoEGkUFDasp37ceMadCpbfwdXiJ47Tz",
          },
          Object {
            "amount": "0.00001",
            "recipient": "3P8JUR4b1qZsX7Zc49r7tH2SwJuZvv1qnxa",
          },
          Object {
            "amount": "0.00001",
            "recipient": "3PQ1HTTyJii2kn4xBfYdgcrKhjkTqSL86Gd",
          },
          Object {
            "amount": "0.00001",
            "recipient": "3PEufqvBAsA65F2htmQJ7aWsyyVifTAHKBz",
          },
          Object {
            "amount": "0.00001",
            "recipient": "3PJkYi1TjwCyn1HAeUCuC9pEVLbTtghGcBf",
          },
          Object {
            "amount": "0.00001",
            "recipient": "3PJufHtTzN3JNB7HWej2FGxq6mEcFUZmHG3",
          },
          Object {
            "amount": "0.00001",
            "recipient": "3PMFCXwrbZPcu1QsDwvb7nogfuskSTJ6dvq",
          },
          Object {
            "amount": "0.00001",
            "recipient": "3PG2b353th3KrQsEHq3jJKcFbB5pD2WaJ9e",
          },
          Object {
            "amount": "0.00001",
            "recipient": "3PNNHmDbqPj5U9vAWwxtCmyBRJB6Myt8amD",
          },
          Object {
            "amount": "0.00001",
            "recipient": "3PEU58EnfbhTCfsq3Fq3YyG7RXRKKkasbej",
          },
          Object {
            "amount": "0.00001",
            "recipient": "3P2QfyBokyL1ZAka1bUYLKbpw7MQmm92f9h",
          },
          Object {
            "amount": "0.00001",
            "recipient": "3P3mMHAeRffvEDw3MZTdiMEi9op44VL3Y7N",
          },
          Object {
            "amount": "0.00001",
            "recipient": "3P44H9h9q67uvP7ARc6ukhUjboGF4b5v3qu",
          },
          Object {
            "amount": "0.00001",
            "recipient": "3P2KYxKR4chSa6pkqu1TExNsFasQaFRKwFP",
          },
          Object {
            "amount": "0.00001",
            "recipient": "3P7c5BeYEgNiZN68kQHdPL9tqyAkmWettG9",
          },
          Object {
            "amount": "0.00001",
            "recipient": "3PDAdRtpuDUWyYxgRPj3EKGe1Th3mJDNMVf",
          },
          Object {
            "amount": "0.00001",
            "recipient": "3P9akFerhYtWfJVaAn3utKasWMiEZSxo2wP",
          },
          Object {
            "amount": "0.00001",
            "recipient": "3PJ5Gp6KanRVJPK31pTuespqotSQusYAhhE",
          },
          Object {
            "amount": "0.00001",
            "recipient": "3PL4FTyqP3DSgjjaRDHmc5DzdhLQgRQ8fy9",
          },
          Object {
            "amount": "0.00001",
            "recipient": "3PNYxhtYefXrQNuoLFsRqhqLtbMVdgz3Sjm",
          },
          Object {
            "amount": "0.00001",
            "recipient": "3PCJSv2GXC7e5N3epLMQfHDi4SBjkYh9qSp",
          },
          Object {
            "amount": "0.00001",
            "recipient": "3PLam7u75fT45NpcUxPsVepsffaQVS4uC3o",
          },
          Object {
            "amount": "0.00001",
            "recipient": "3P3bX9GF8G1vPW79mBRdSwPiEhtHnJmdZLU",
          },
          Object {
            "amount": "0.00001",
            "recipient": "3PFDRGPfMsXtnjYq9H6Sf8rCSXvjGi9emN6",
          },
        ],
        "type": 11,
        "version": 1,
      },
    },
  ],
}
`;
