// Jest Snapshot v1, https://goo.gl/fbAQLP

exports[`Sql builder get works 1`] = `"select \\"height\\", \\"tx_type\\", \\"id\\", \\"time_stamp\\", \\"signature\\", \\"proofs\\", \\"tx_version\\", \\"sender\\", \\"sender_public_key\\", \\"script\\", fee * 10^(-8) as \\"fee\\" from \\"txs_13\\" as \\"t\\" where \\"id\\" = 'id'"`;

exports[`Sql builder mget works 1`] = `"select \\"height\\", \\"tx_type\\", \\"id\\", \\"time_stamp\\", \\"signature\\", \\"proofs\\", \\"tx_version\\", \\"sender\\", \\"sender_public_key\\", \\"script\\", fee * 10^(-8) as \\"fee\\" from \\"txs_13\\" as \\"t\\" where \\"id\\" in ('id1', 'id2')"`;

exports[`Sql builder search covers case with all filters (without after) 1`] = `"select \\"height\\", \\"tx_type\\", \\"id\\", \\"time_stamp\\", \\"signature\\", \\"proofs\\", \\"tx_version\\", \\"sender\\", \\"sender_public_key\\", \\"script\\", fee * 10^(-8) as \\"fee\\" from \\"txs_13\\" as \\"t\\" where \\"sender\\" = 'sender' and \\"script\\" = 'base64:somescript' and \\"t\\".\\"time_stamp\\" >= 'timeStart' and \\"t\\".\\"time_stamp\\" <= 'timeEnd' order by \\"t\\".\\"time_stamp\\" asc, \\"t\\".\\"id\\" asc limit 1"`;

exports[`Sql builder search covers case with all filters with after 1`] = `"select \\"height\\", \\"tx_type\\", \\"id\\", \\"time_stamp\\", \\"signature\\", \\"proofs\\", \\"tx_version\\", \\"sender\\", \\"sender_public_key\\", \\"script\\", fee * 10^(-8) as \\"fee\\" from \\"txs_13\\" as \\"t\\" where \\"sender\\" = 'sender' and \\"script\\" = 'base64:somescript' and (t.time_stamp, t.id) > ('timestamp', 'id') and \\"t\\".\\"time_stamp\\" >= 'timeStart' and \\"t\\".\\"time_stamp\\" <= 'timeEnd' order by \\"t\\".\\"time_stamp\\" asc, \\"t\\".\\"id\\" asc limit 1"`;
