// Jest Snapshot v1, https://goo.gl/fbAQLP

exports[`SetScript transaction service get fetches real tx 1`] = `
Object {
  "__type": "transaction",
  "data": Object {
    "fee": "1",
    "height": 351920,
    "id": "FPZSGyuUQfbQumUXC4S3G23SXhBiiSuGchnm9adyM6Fr",
    "proofs": Array [
      "4RkWo4CWoHKGwnCb2rxfu1HgT1pB6zhXWEvmKxJ2LHNSRmLYbecM1U5RhMcJXJEWrrUv6BuHmZ6D87fbVD9gpN2G",
    ],
    "script": "base64:AQQAAAACYTEDAwMJAQAAAAIhPQAAAAIJAAH2AAAAAQEAAAAAAQAAAAAJAQAAAAIhPQAAAAIJAAH1AAAAAQEAAAAAAQAAAAAHCQEAAAACIT0AAAACCQAB9wAAAAEBAAAAAAEAAAAABwkAAfQAAAADAQAAAAIavgEAAAACADwBAAAAAjW4BwQAAAACYTIDAwMJAQAAAAIhPQAAAAIJAAH2AAAAAQEAAAAAAQAAAAAJAQAAAAIhPQAAAAIJAAH1AAAAAQEAAAAAAQAAAAAHCQEAAAACIT0AAAACCQAB9wAAAAEBAAAAAAEAAAAABwkAAfQAAAADAQAAAAIavgEAAAACADwBAAAAAjW4BwQAAAACYTMDAwMJAQAAAAIhPQAAAAIJAAH2AAAAAQEAAAAAAQAAAAAJAQAAAAIhPQAAAAIJAAH1AAAAAQEAAAAAAQAAAAAHCQEAAAACIT0AAAACCQAB9wAAAAEBAAAAAAEAAAAABwkAAfQAAAADAQAAAAIavgEAAAACADwBAAAAAjW4BwQAAAACYTQDAwMJAQAAAAIhPQAAAAIJAAH2AAAAAQEAAAAAAQAAAAAJAQAAAAIhPQAAAAIJAAH1AAAAAQEAAAAAAQAAAAAHCQEAAAACIT0AAAACCQAB9wAAAAEBAAAAAAEAAAAABwkAAfQAAAADAQAAAAIavgEAAAACADwBAAAAAjW4BwQAAAACYTUDAwMJAQAAAAIhPQAAAAIJAAH2AAAAAQEAAAAAAQAAAAAJAQAAAAIhPQAAAAIJAAH1AAAAAQEAAAAAAQAAAAAHCQEAAAACIT0AAAACCQAB9wAAAAEBAAAAAAEAAAAABwkAAfQAAAADAQAAAAIavgEAAAACADwBAAAAAjW4BwQAAAACYTYDAwMJAQAAAAIhPQAAAAIJAAH2AAAAAQEAAAAAAQAAAAAJAQAAAAIhPQAAAAIJAAH1AAAAAQEAAAAAAQAAAAAHCQEAAAACIT0AAAACCQAB9wAAAAEBAAAAAAEAAAAABwkAAfQAAAADAQAAAAIavgEAAAACADwBAAAAAjW4BwQAAAACYTcDAwMJAQAAAAIhPQAAAAIJAAH2AAAAAQEAAAAAAQAAAAAJAQAAAAIhPQAAAAIJAAH1AAAAAQEAAAAAAQAAAAAHCQEAAAACIT0AAAACCQAB9wAAAAEBAAAAAAEAAAAABwkAAfQAAAADAQAAAAIavgEAAAACADwBAAAAAjW4BwQAAAACYTgDAwMJAQAAAAIhPQAAAAIJAAH2AAAAAQEAAAAAAQAAAAAJAQAAAAIhPQAAAAIJAAH1AAAAAQEAAAAAAQAAAAAHCQEAAAACIT0AAAACCQAB9wAAAAEBAAAAAAEAAAAABwkAAfQAAAADAQAAAAIavgEAAAACADwBAAAAAjW4BwQAAAACYTkDAwMJAQAAAAIhPQAAAAIJAAH2AAAAAQEAAAAAAQAAAAAJAQAAAAIhPQAAAAIJAAH1AAAAAQEAAAAAAQAAAAAHCQEAAAACIT0AAAACCQAB9wAAAAEBAAAAAAEAAAAABwkAAfQAAAADAQAAAAIavgEAAAACADwBAAAAAjW4BwQAAAADYTEwAwMDCQEAAAACIT0AAAACCQAB9gAAAAEBAAAAAAEAAAAACQEAAAACIT0AAAACCQAB9QAAAAEBAAAAAAEAAAAABwkBAAAAAiE9AAAAAgkAAfcAAAABAQAAAAABAAAAAAcJAAH0AAAAAwEAAAACGr4BAAAAAgA8AQAAAAI1uAcDAwMDAwMDAwMDBQAAAAJhMQUAAAACYTIHBQAAAAJhMwcFAAAAAmE0BwUAAAACYTUHBQAAAAJhNgcFAAAAAmE3BwUAAAACYTgHBQAAAAJhOQcFAAAAA2ExMAcGBrUwsg0=",
    "sender": "3MsEBE2U1J6q1gVyou3jgnNwb9aAgSzXSPm",
    "senderPublicKey": "yUPRoPpDGoucB1bxLCWjGuZcWriHU32LdUj5Cy6RQFg",
    "timestamp": 2018-09-06T06:24:51.847Z,
    "type": 13,
    "version": 1,
  },
}
`;

exports[`SetScript transaction service mget fetches real txs with nulls for unreal 1`] = `
Object {
  "__type": "list",
  "data": Array [
    Object {
      "__type": "transaction",
      "data": Object {
        "fee": "1",
        "height": 351920,
        "id": "FPZSGyuUQfbQumUXC4S3G23SXhBiiSuGchnm9adyM6Fr",
        "proofs": Array [
          "4RkWo4CWoHKGwnCb2rxfu1HgT1pB6zhXWEvmKxJ2LHNSRmLYbecM1U5RhMcJXJEWrrUv6BuHmZ6D87fbVD9gpN2G",
        ],
        "script": "base64:AQQAAAACYTEDAwMJAQAAAAIhPQAAAAIJAAH2AAAAAQEAAAAAAQAAAAAJAQAAAAIhPQAAAAIJAAH1AAAAAQEAAAAAAQAAAAAHCQEAAAACIT0AAAACCQAB9wAAAAEBAAAAAAEAAAAABwkAAfQAAAADAQAAAAIavgEAAAACADwBAAAAAjW4BwQAAAACYTIDAwMJAQAAAAIhPQAAAAIJAAH2AAAAAQEAAAAAAQAAAAAJAQAAAAIhPQAAAAIJAAH1AAAAAQEAAAAAAQAAAAAHCQEAAAACIT0AAAACCQAB9wAAAAEBAAAAAAEAAAAABwkAAfQAAAADAQAAAAIavgEAAAACADwBAAAAAjW4BwQAAAACYTMDAwMJAQAAAAIhPQAAAAIJAAH2AAAAAQEAAAAAAQAAAAAJAQAAAAIhPQAAAAIJAAH1AAAAAQEAAAAAAQAAAAAHCQEAAAACIT0AAAACCQAB9wAAAAEBAAAAAAEAAAAABwkAAfQAAAADAQAAAAIavgEAAAACADwBAAAAAjW4BwQAAAACYTQDAwMJAQAAAAIhPQAAAAIJAAH2AAAAAQEAAAAAAQAAAAAJAQAAAAIhPQAAAAIJAAH1AAAAAQEAAAAAAQAAAAAHCQEAAAACIT0AAAACCQAB9wAAAAEBAAAAAAEAAAAABwkAAfQAAAADAQAAAAIavgEAAAACADwBAAAAAjW4BwQAAAACYTUDAwMJAQAAAAIhPQAAAAIJAAH2AAAAAQEAAAAAAQAAAAAJAQAAAAIhPQAAAAIJAAH1AAAAAQEAAAAAAQAAAAAHCQEAAAACIT0AAAACCQAB9wAAAAEBAAAAAAEAAAAABwkAAfQAAAADAQAAAAIavgEAAAACADwBAAAAAjW4BwQAAAACYTYDAwMJAQAAAAIhPQAAAAIJAAH2AAAAAQEAAAAAAQAAAAAJAQAAAAIhPQAAAAIJAAH1AAAAAQEAAAAAAQAAAAAHCQEAAAACIT0AAAACCQAB9wAAAAEBAAAAAAEAAAAABwkAAfQAAAADAQAAAAIavgEAAAACADwBAAAAAjW4BwQAAAACYTcDAwMJAQAAAAIhPQAAAAIJAAH2AAAAAQEAAAAAAQAAAAAJAQAAAAIhPQAAAAIJAAH1AAAAAQEAAAAAAQAAAAAHCQEAAAACIT0AAAACCQAB9wAAAAEBAAAAAAEAAAAABwkAAfQAAAADAQAAAAIavgEAAAACADwBAAAAAjW4BwQAAAACYTgDAwMJAQAAAAIhPQAAAAIJAAH2AAAAAQEAAAAAAQAAAAAJAQAAAAIhPQAAAAIJAAH1AAAAAQEAAAAAAQAAAAAHCQEAAAACIT0AAAACCQAB9wAAAAEBAAAAAAEAAAAABwkAAfQAAAADAQAAAAIavgEAAAACADwBAAAAAjW4BwQAAAACYTkDAwMJAQAAAAIhPQAAAAIJAAH2AAAAAQEAAAAAAQAAAAAJAQAAAAIhPQAAAAIJAAH1AAAAAQEAAAAAAQAAAAAHCQEAAAACIT0AAAACCQAB9wAAAAEBAAAAAAEAAAAABwkAAfQAAAADAQAAAAIavgEAAAACADwBAAAAAjW4BwQAAAADYTEwAwMDCQEAAAACIT0AAAACCQAB9gAAAAEBAAAAAAEAAAAACQEAAAACIT0AAAACCQAB9QAAAAEBAAAAAAEAAAAABwkBAAAAAiE9AAAAAgkAAfcAAAABAQAAAAABAAAAAAcJAAH0AAAAAwEAAAACGr4BAAAAAgA8AQAAAAI1uAcDAwMDAwMDAwMDBQAAAAJhMQUAAAACYTIHBQAAAAJhMwcFAAAAAmE0BwUAAAACYTUHBQAAAAJhNgcFAAAAAmE3BwUAAAACYTgHBQAAAAJhOQcFAAAAA2ExMAcGBrUwsg0=",
        "sender": "3MsEBE2U1J6q1gVyou3jgnNwb9aAgSzXSPm",
        "senderPublicKey": "yUPRoPpDGoucB1bxLCWjGuZcWriHU32LdUj5Cy6RQFg",
        "timestamp": 2018-09-06T06:24:51.847Z,
        "type": 13,
        "version": 1,
      },
    },
    null,
    Object {
      "__type": "transaction",
      "data": Object {
        "fee": "0.02",
        "height": 345421,
        "id": "2dcEYUbbYzBH2j9uBoNi1zJhKQeTJ1buLTjAjxJkfJY1",
        "proofs": Array [],
        "script": null,
        "sender": "3NAVEEVtndie8Po3wik59zTN7wFyqaNossf",
        "senderPublicKey": "Cgk3zWQ4HNCWjvgHJrH5siBhs7B74jBT8hrnq4EM9pEx",
        "timestamp": 2018-08-24T06:20:32.652Z,
        "type": 13,
        "version": 1,
      },
    },
  ],
}
`;
