// Jest Snapshot v1, https://goo.gl/fbAQLP

exports[`Redis transformToCache should correctly transform a valid toCache array 1`] = `
Array [
  "pair:WAVES/8LQW8f7P5d5PZM7GtZEBgaqRPGSzS3DfPuiXrURJ4AJS",
  "{\\"q\\":20000}",
]
`;
