// Jest Snapshot v1, https://goo.gl/fbAQLP

exports[`Sql search by type-specific filters supports recipient filter 1`] = `"with \\"t_cte\\" as (select \\"t\\".\\"tx_uid\\" as \\"tx_uid\\", \\"t\\".\\"sender_uid\\" as \\"sender_uid\\", \\"t\\".\\"height\\" as \\"height\\", \\"t\\".\\"recipient_uid\\" as \\"recipient_uid\\", t.amount * 10^(-8) as \\"amount\\", \\"recipient_alias\\".\\"alias\\" as \\"recipient_alias\\" from \\"txs_8\\" as \\"t\\" left join \\"txs_10\\" as \\"recipient_alias\\" on \\"recipient_alias\\".\\"tx_uid\\" = \\"t\\".\\"recipient_alias_uid\\" where \\"recipient_uid\\" = (select \\"uid\\" from \\"addresses\\" where \\"address\\" = 'recipient')), \\"t_with_recipient_cte\\" as (select *, \\"recipient_addr\\".\\"address\\" as \\"recipient_address\\" from \\"t_cte\\" as \\"t\\" left join \\"addresses\\" as \\"recipient_addr\\" on \\"recipient_addr\\".\\"uid\\" = \\"t\\".\\"recipient_uid\\") select \\"t\\".\\"height\\" as \\"height\\", \\"txs\\".\\"tx_type\\" as \\"tx_type\\", \\"txs\\".\\"id\\" as \\"id\\", \\"txs\\".\\"time_stamp\\" as \\"time_stamp\\", \\"txs\\".\\"signature\\" as \\"signature\\", \\"txs\\".\\"proofs\\" as \\"proofs\\", \\"txs\\".\\"tx_version\\" as \\"tx_version\\", txs.fee * 10^(-8) as \\"fee\\", \\"addr\\".\\"address\\" as \\"sender\\", \\"addr\\".\\"public_key\\" as \\"sender_public_key\\", \\"t\\".\\"amount\\" as \\"amount\\", coalesce(t.recipient_alias, t.recipient_address) as \\"recipient\\" from \\"t_with_recipient_cte\\" as \\"t\\" left join \\"txs\\" as \\"txs\\" on \\"txs\\".\\"uid\\" = \\"t\\".\\"tx_uid\\" left join \\"addresses\\" as \\"addr\\" on \\"addr\\".\\"uid\\" = \\"t\\".\\"sender_uid\\" order by \\"txs\\".\\"uid\\" asc"`;
