// Jest Snapshot v1, https://goo.gl/fbAQLP

exports[`sql query from pairs should get many pairs 1`] = `"select \\"amount_asset_id\\", \\"price_asset_id\\", \\"first_price\\", \\"last_price\\", \\"volume\\", \\"quote_volume\\", \\"high\\", \\"low\\", \\"weighted_average_price\\", \\"txs_count\\", \\"volume_waves\\" from \\"pairs\\" as \\"t\\" where (\\"t\\".\\"amount_asset_id\\", \\"t\\".\\"price_asset_id\\") in (('111', '222'), ('333', '444'))"`;

exports[`sql query from pairs should get one pair 1`] = `"select \\"amount_asset_id\\", \\"price_asset_id\\", \\"first_price\\", \\"last_price\\", \\"volume\\", \\"quote_volume\\", \\"high\\", \\"low\\", \\"weighted_average_price\\", \\"txs_count\\", \\"volume_waves\\" from \\"pairs\\" as \\"t\\" where (\\"t\\".\\"amount_asset_id\\", \\"t\\".\\"price_asset_id\\") in (('111', '222'))"`;

exports[`sql query from pairs should search pairs for one asset 1`] = `"with \\"assets_cte\\" as (select * from \\"assets\\" as \\"t\\" where \\"t\\".\\"asset_id\\" = '7FJhS4wyEKqsp77VCMfCZWKLSMuy1TWskYAyZ28amWFj' or \\"t\\".\\"asset_name\\" like '7FJhS4wyEKqsp77VCMfCZWKLSMuy1TWskYAyZ28amWFj%' or \\"t\\".\\"ticker\\" like '7FJhS4wyEKqsp77VCMfCZWKLSMuy1TWskYAyZ28amWFj%' or to_tsvector(t.asset_name) @@ to_tsquery('7FJhS4wyEKqsp77VCMfCZWKLSMuy1TWskYAyZ28amWFj:*')) select \\"t\\".\\"amount_asset_id\\", \\"t\\".\\"price_asset_id\\", \\"t\\".\\"first_price\\", \\"t\\".\\"last_price\\", \\"t\\".\\"volume\\", \\"t\\".\\"quote_volume\\", \\"t\\".\\"high\\", \\"t\\".\\"low\\", \\"t\\".\\"weighted_average_price\\", \\"t\\".\\"txs_count\\", \\"t\\".\\"volume_waves\\" from \\"pairs\\" as \\"t\\" inner join \\"assets_cte\\" as \\"amountCte\\" on \\"amountCte\\".\\"asset_id\\" = \\"t\\".\\"amount_asset_id\\" inner join \\"assets_cte\\" as \\"priceCte\\" on \\"priceCte\\".\\"asset_id\\" = \\"t\\".\\"amount_asset_id\\" order by volume_waves desc NULLS LAST limit 10"`;

exports[`sql query from pairs should search pairs for one asset exactly 1`] = `"with \\"assets_cte\\" as (select * from \\"assets\\" as \\"t\\" where \\"t\\".\\"asset_id\\" = '7FJhS4wyEKqsp77VCMfCZWKLSMuy1TWskYAyZ28amWFj' or \\"t\\".\\"asset_name\\" like '7FJhS4wyEKqsp77VCMfCZWKLSMuy1TWskYAyZ28amWFj' or \\"t\\".\\"ticker\\" like '7FJhS4wyEKqsp77VCMfCZWKLSMuy1TWskYAyZ28amWFj' or to_tsvector(t.asset_name) @@ to_tsquery('7FJhS4wyEKqsp77VCMfCZWKLSMuy1TWskYAyZ28amWFj')) select \\"t\\".\\"amount_asset_id\\", \\"t\\".\\"price_asset_id\\", \\"t\\".\\"first_price\\", \\"t\\".\\"last_price\\", \\"t\\".\\"volume\\", \\"t\\".\\"quote_volume\\", \\"t\\".\\"high\\", \\"t\\".\\"low\\", \\"t\\".\\"weighted_average_price\\", \\"t\\".\\"txs_count\\", \\"t\\".\\"volume_waves\\" from \\"pairs\\" as \\"t\\" inner join \\"assets_cte\\" as \\"amountCte\\" on \\"amountCte\\".\\"asset_id\\" = \\"t\\".\\"amount_asset_id\\" inner join \\"assets_cte\\" as \\"priceCte\\" on \\"priceCte\\".\\"asset_id\\" = \\"t\\".\\"amount_asset_id\\" order by volume_waves desc NULLS LAST limit 10"`;

exports[`sql query from pairs should search pairs for two assets (amount and price) 1`] = `"with \\"assets_cte\\" as (select \\"a\\".\\"asset_id\\" as \\"amount_asset_id\\", \\"cj\\".\\"asset_id\\" as \\"price_asset_id\\" from \\"assets\\" as \\"a\\" cross join (select * from \\"assets\\" as \\"p\\" where \\"p\\".\\"asset_id\\" = 'WAVES' or \\"p\\".\\"asset_name\\" like 'WAVES%' or \\"p\\".\\"ticker\\" like 'WAVES%' or to_tsvector(p.asset_name) @@ to_tsquery('WAVES:*')) as \\"cj\\" where \\"a\\".\\"asset_id\\" = 'BTC' or \\"a\\".\\"asset_name\\" like 'BTC' or \\"a\\".\\"ticker\\" like 'BTC' or to_tsvector(a.asset_name) @@ to_tsquery('BTC')) select \\"t\\".\\"amount_asset_id\\", \\"t\\".\\"price_asset_id\\", \\"t\\".\\"first_price\\", \\"t\\".\\"last_price\\", \\"t\\".\\"volume\\", \\"t\\".\\"quote_volume\\", \\"t\\".\\"high\\", \\"t\\".\\"low\\", \\"t\\".\\"weighted_average_price\\", \\"t\\".\\"txs_count\\", \\"t\\".\\"volume_waves\\" from \\"pairs\\" as \\"t\\" inner join \\"assets_cte\\" as \\"direct_cte\\" on \\"direct_cte\\".\\"amount_asset_id\\" = \\"t\\".\\"amount_asset_id\\" and \\"direct_cte\\".\\"price_asset_id\\" = \\"t\\".\\"price_asset_id\\" union all select \\"t1\\".\\"amount_asset_id\\", \\"t1\\".\\"price_asset_id\\", \\"t1\\".\\"first_price\\", \\"t1\\".\\"last_price\\", \\"t1\\".\\"volume\\", \\"t1\\".\\"quote_volume\\", \\"t1\\".\\"high\\", \\"t1\\".\\"low\\", \\"t1\\".\\"weighted_average_price\\", \\"t1\\".\\"txs_count\\", \\"t1\\".\\"volume_waves\\" from \\"pairs\\" as \\"t1\\" inner join \\"assets_cte\\" as \\"reverse_cte\\" on \\"reverse_cte\\".\\"amount_asset_id\\" = \\"t1\\".\\"price_asset_id\\" and \\"reverse_cte\\".\\"price_asset_id\\" = \\"t1\\".\\"amount_asset_id\\" order by volume_waves desc NULLS LAST limit 10"`;
